https://fr.wikipedia.org/wiki/Culture
https://fr.wikipedia.org/wiki/Culture
https://fr.wikipedia.org/wiki/Cancel_culture
https://fr.wikipedia.org/wiki/France_Culture
https://fr.wikipedia.org/wiki/Minist%C3%A8re_de_la_Culture_(France)
https://fr.wikipedia.org/wiki/Culture_fran%C3%A7aise
https://fr.wikipedia.org/wiki/Culture_populaire
https://fr.wikipedia.org/wiki/Culture_d%27entreprise
https://fr.wikipedia.org/wiki/Organisation_des_Nations_unies_pour_l%27%C3%A9ducation,_la_science_et_la_culture
https://fr.wikipedia.org/wiki/Milieu_de_culture
https://fr.wikipedia.org/wiki/Liste_des_ministres_fran%C3%A7ais_de_la_Culture_et_de_la_Communication
https://fr.wikipedia.org/wiki/Contre-culture
https://fr.wikipedia.org/wiki/Belfort
https://fr.wikipedia.org/wiki/Moche_(culture)
https://fr.wikipedia.org/wiki/Culture_japonaise
https://fr.wikipedia.org/wiki/Culture_underground
https://fr.wikipedia.org/wiki/Sciences_humaines_et_sociales
https://fr.wikipedia.org/wiki/Soci%C3%A9t%C3%A9_anonyme
https://fr.wikipedia.org/wiki/Soci%C3%A9t%C3%A9_g%C3%A9n%C3%A9rale
https://fr.wikipedia.org/wiki/Soci%C3%A9t%C3%A9_civile
https://fr.wikipedia.org/wiki/Soci%C3%A9t%C3%A9_des_Nations
https://fr.wikipedia.org/wiki/Quaker
https://fr.wikipedia.org/wiki/Soci%C3%A9t%C3%A9_(sciences_sociales)
https://fr.wikipedia.org/wiki/Soci%C3%A9t%C3%A9_d%27Ancien_R%C3%A9gime
https://fr.wikipedia.org/wiki/Soci%C3%A9t%C3%A9_par_actions
https://fr.wikipedia.org/wiki/Soci%C3%A9t%C3%A9_par_actions_simplifi%C3%A9e
https://fr.wikipedia.org/wiki/Holding
https://fr.wikipedia.org/wiki/Soci%C3%A9t%C3%A9_%C3%A0_responsabilit%C3%A9_limit%C3%A9e
https://fr.wikipedia.org/wiki/Soci%C3%A9t%C3%A9_en_commandite
https://fr.wikipedia.org/wiki/Soci%C3%A9t%C3%A9_nationale_des_chemins_de_fer_fran%C3%A7ais
https://fr.wikipedia.org/wiki/Soci%C3%A9t%C3%A9_Thul%C3%A9
https://fr.wikipedia.org/wiki/Archipel_de_la_Soci%C3%A9t%C3%A9
